exports[`test SongDetails Snapshot Test With Song 1`] = `
<div>
  <h1>
    Bird
  </h1>
  <h2>
    Anderson Paak
  </h2>
  <h3>
    hiphop
  </h3>
</div>
`;
